// Jest Snapshot v1, https://goo.gl/fbAQLP

exports[`renders correctly 1`] = `
<div
  class="sc-bwzfXH ilYHYa sc-bdVaJa dQdFv"
>
  <span
    class="sc-ifAKCX XBTtJ"
  >
     10Â°
  </span>
  <span
    class="sc-EHOje exztiK"
  >
     Toronto 
  </span>
</div>
`;
